[easypay.ua/description/easypaydruzi.html]
[backblue.gif]
[fade.gif]
[index.html]
[easypay.ua/logo100100.png]
[easypay.ua/content/images/laptop.jpg]
[easypay.ua/styles/maind28d.css]
[easypay.ua/styles/jquery-ui.mind28d.css]
[easypay.ua/Content/Font-Awesome/css/font-awesome.css]
[easypay.ua/scripts/mainfb90.js]
[easypay.ua/content/images/logo.png]
[easypay.ua/Content/Easypay-Druzi/styles/style.css]
[easypay.ua/Content/Easypay-Druzi/modernizr-2.7.1.js]
[easypay.ua/Content/Easypay-Druzi/jquery.mask.js]
[easypay.ua/Content/Easypay-Druzi/Vort_validation_1.0.js]
[easypay.ua/Content/Easypay-Druzi/cat-banks.png]
[easypay.ua/Content/Easypay-Druzi/cat-mobile.png]
[easypay.ua/Content/Easypay-Druzi/cat-utilities.png]
[easypay.ua/Content/Easypay-Druzi/cat-internet.png]
[easypay.ua/Content/Easypay-Druzi/cat-roaming.png]
[easypay.ua/Content/Easypay-Druzi/cat-webmoney.png]
[easypay.ua/Content/Easypay-Druzi/cat-budget.png]
[easypay.ua/Content/Easypay-Druzi/cat-other.png]
[easypay.ua/content/images/visa11.png]
[easypay.ua/content/images/mastercard11.png]
[easypay.ua/content/images/geotrust11.png]
[easypay.ua/content/images/sysnet11.png]
[easypay.ua/description/restriction-rules.html]
[easypay.ua/content/shadowbox-3.0.3/shadowbox.js]
[www.googleadservices.com/pagead/f.txt]
[mc.yandex.ru/metrika/watch.js]
[easypay.ua/description/easypaydruzi.html]
[easypay.ua/content/images/navigation-menu-ico.png]
[easypay.ua/content/images/key.png]
[easypay.ua/content/images/newuser.png]
[easypay.ua/content/images/exit.png]
[easypay.ua/content/images/online-chat.png]
[easypay.ua/content/images/dot2.png]
[easypay.ua/content/images/dot1.png]
[easypay.ua/content/images/dot3.png]
[easypay.ua/content/images/b_left.png]
[easypay.ua/content/images/b_right.png]
[easypay.ua/content/images/appicons.png]
[easypay.ua/content/images/shadow1.png]
[easypay.ua/content/images/question.png]
[easypay.ua/content/images/quick-panel-bg.png]
[easypay.ua/content/images/mobile.png]
[easypay.ua/content/images/phone.png]
[easypay.ua/content/images/internet.png]
[easypay.ua/content/images/tv.png]
[easypay.ua/content/images/communal.png]
[easypay.ua/content/images/pay.png]
[easypay.ua/content/images/others.png]
[easypay.ua/content/images/menu-shadow-bottom.png]
[easypay.ua/content/images/menu-shadow.png]
[easypay.ua/content/images/menu-shadow-right.png]
[easypay.ua/content/images/menu-shadow-left.png]
[easypay.ua/content/images/shadow-big1.png]
[easypay.ua/content/images/shadow-wallet.png]
[easypay.ua/content/images/add.png]
[easypay.ua/content/images/green-check.png]
[easypay.ua/content/images/qrcode.png]
[easypay.ua/content/images/shadow3_2.png]
[easypay.ua/content/images/ico-wallet32.png]
[easypay.ua/content/images/ico-rcard32.png]
[easypay.ua/content/images/ico-card32.png]
[easypay.ua/content/images/ico-cash32.png]
[easypay.ua/content/images/ico-bank32.png]
[easypay.ua/content/images/tab4.png]
[easypay.ua/content/images/ico-ksmoney32.png]
[easypay.ua/content/images/ico-lifemoney32.png]
[easypay.ua/content/images/card-arrow.png]
[easypay.ua/content/images/card-arrow2.png]
[easypay.ua/content/images/arrow_up_table.png]
[easypay.ua/content/images/arrow_down_table.png]
[easypay.ua/styles/maind28d.css]
[easypay.ua/styles/jquery-ui.mind28d.css]
[easypay.ua/Content/Font-Awesome/css/font-awesome.css]
[easypay.ua/content/images/action-arrow-blue.png]
[easypay.ua/content/images/action-arrow-grey.png]
[easypay.ua/content/images/visa21.png]
[easypay.ua/content/images/mastercard21.png]
[easypay.ua/content/images/geotrust21.png]
[easypay.ua/content/images/sysnet21.png]
[easypay.ua/scripts/mainfb90.js]
[easypay.ua/Content/Easypay-Druzi/bg1.jpg]
[easypay.ua/Content/Easypay-Druzi/bg2.jpg]
[easypay.ua/Content/Easypay-Druzi/ribbon.png]
[easypay.ua/Content/Easypay-Druzi/check.png]
[easypay.ua/Content/Easypay-Druzi/line2.png]
[easypay.ua/Content/Easypay-Druzi/line1.png]
[easypay.ua/Content/Easypay-Druzi/styles/style.css]
[easypay.ua/Content/Easypay-Druzi/modernizr-2.7.1.js]
[easypay.ua/Content/Easypay-Druzi/jquery.mask.js]
[easypay.ua/Content/Easypay-Druzi/Vort_validation_1.0.js]
[easypay.ua/content/images/order.png]
[easypay.ua/content/images/star.png]
[easypay.ua/description/restriction-rules.html]
[easypay.ua/content/shadowbox-3.0.3/shadowbox.js]
[informer.yandex.ru/metrika/informer.js]
[mc.yandex.ru/metrika/watch.js]
[easypay.ua/description/applewebkit/index.html]
[easypay.ua/description/get.html]
[easypay.ua/description/path=/index.html]
[informer.yandex.ru/metrika/informer.js]
[easypay.ua/description/applewebkit.html]
[easypay.ua/description/path=.html]
